Info: *******************************************************************
Info: Running Quartus II 64-Bit Shell
    Info: Version 13.0.1 Build 232 06/12/2013 Service Pack 1 SJ Web Edition
    Info: Copyright (C) 1991-2013 Altera Corporation. All rights reserved.
    Info: Your use of Altera Corporation's design tools, logic functions 
    Info: and other software and tools, and its AMPP partner logic 
    Info: functions, and any output files from any of the foregoing 
    Info: (including device programming or simulation files), and any 
    Info: associated documentation or information are expressly subject 
    Info: to the terms and conditions of the Altera Program License 
    Info: Subscription Agreement, Altera MegaCore Function License 
    Info: Agreement, or other applicable license agreement, including, 
    Info: without limitation, that your use is for the sole purpose of 
    Info: programming logic devices manufactured by Altera and sold by 
    Info: Altera or its authorized distributors.  Please refer to the 
    Info: applicable agreement for further details.
    Info: Processing started: Tue Sep 29 13:14:15 2026
Info: Command: quartus_sh --flow compile adders
Info: Quartus(args): compile adders
Info: Project Name = D:/fpga/adders_time_constrains/synthesis/experiments/clk_40MHz/adders
Info: Revision Name = adders
Info: *******************************************************************
Info: Running Quartus II 64-Bit Analysis & Synthesis
    Info: Version 13.0.1 Build 232 06/12/2013 Service Pack 1 SJ Web Edition
    Info: Processing started: Tue Sep 29 13:14:18 2026
Info: Command: quartus_map --read_settings_files=on --write_settings_files=off adders -c adders
Info (20030): Parallel compilation is enabled and will use 6 of the 6 processors detected
Info (12021): Found 2 design units, including 1 entities, in source file adders.vhd
    Info (12022): Found design unit 1: adders-Behavior
    Info (12023): Found entity 1: adders
Info (12127): Elaborating entity "adders" for the top level hierarchy
Info (16010): Generating hard_block partition "hard_block:auto_generated_inst"
    Info (16011): Adding 0 node(s), including 0 DDIO, 0 PLL, 0 transceiver and 0 LCELL
Info (21057): Implemented 78 device resources after synthesis - the final resource count might be different
    Info (21058): Implemented 25 input pins
    Info (21059): Implemented 10 output pins
    Info (21061): Implemented 43 logic cells
Info: Quartus II 64-Bit Analysis & Synthesis was successful. 0 errors, 0 warnings
    Info: Peak virtual memory: 4623 megabytes
    Info: Processing ended: Tue Sep 29 13:14:20 2026
    Info: Elapsed time: 00:00:02
    Info: Total CPU time (on all processors): 00:00:02
Info: *******************************************************************
Info: Running Quartus II 64-Bit Fitter
    Info: Version 13.0.1 Build 232 06/12/2013 Service Pack 1 SJ Web Edition
    Info: Processing started: Tue Sep 29 13:14:20 2026
Info: Command: quartus_fit --read_settings_files=off --write_settings_files=off adders -c adders
Info: qfit2_default_script.tcl version: #1
Info: Project  = adders
Info: Revision = adders
Info (20030): Parallel compilation is enabled and will use 6 of the 6 processors detected
Info (119006): Selected device EP2C5T144C8 for design "adders"
Info (21077): Low junction temperature is 0 degrees C
Info (21077): High junction temperature is 85 degrees C
Info (171003): Fitter is performing an Auto Fit compilation, which may decrease Fitter effort to reduce compilation time
Warning (292013): Feature LogicLock is only available with a valid subscription license. You can purchase a software subscription to gain full access to this feature.
Info (176444): Device migration not selected. If you intend to use device migration later, you may need to change the pin assignments as they may be incompatible with other devices
    Info (176445): Device EP2C5T144I8 is compatible
    Info (176445): Device EP2C8T144C8 is compatible
    Info (176445): Device EP2C8T144I8 is compatible
Info (169124): Fitter converted 3 user pins into dedicated programming pins
    Info (169125): Pin ~ASDO~ is reserved at location 1
    Info (169125): Pin ~nCSO~ is reserved at location 2
    Info (169125): Pin ~LVDS41p/nCEO~ is reserved at location 76
Critical Warning (169085): No exact pin location assignment(s) for 35 pins of 35 total pins
    Info (169086): Pin sum[0] not assigned to an exact location on the device
    Info (169086): Pin sum[1] not assigned to an exact location on the device
    Info (169086): Pin sum[2] not assigned to an exact location on the device
    Info (169086): Pin sum[3] not assigned to an exact location on the device
    Info (169086): Pin sum[4] not assigned to an exact location on the device
    Info (169086): Pin sum[5] not assigned to an exact location on the device
    Info (169086): Pin sum[6] not assigned to an exact location on the device
    Info (169086): Pin sum[7] not assigned to an exact location on the device
    Info (169086): Pin sum[8] not assigned to an exact location on the device
    Info (169086): Pin sum[9] not assigned to an exact location on the device
    Info (169086): Pin clock not assigned to an exact location on the device
    Info (169086): Pin A[0] not assigned to an exact location on the device
    Info (169086): Pin B[0] not assigned to an exact location on the device
    Info (169086): Pin C[0] not assigned to an exact location on the device
    Info (169086): Pin A[1] not assigned to an exact location on the device
    Info (169086): Pin B[1] not assigned to an exact location on the device
    Info (169086): Pin C[1] not assigned to an exact location on the device
    Info (169086): Pin A[2] not assigned to an exact location on the device
    Info (169086): Pin B[2] not assigned to an exact location on the device
    Info (169086): Pin C[2] not assigned to an exact location on the device
    Info (169086): Pin A[3] not assigned to an exact location on the device
    Info (169086): Pin B[3] not assigned to an exact location on the device
    Info (169086): Pin C[3] not assigned to an exact location on the device
    Info (169086): Pin A[4] not assigned to an exact location on the device
    Info (169086): Pin B[4] not assigned to an exact location on the device
    Info (169086): Pin C[4] not assigned to an exact location on the device
    Info (169086): Pin A[5] not assigned to an exact location on the device
    Info (169086): Pin B[5] not assigned to an exact location on the device
    Info (169086): Pin C[5] not assigned to an exact location on the device
    Info (169086): Pin A[6] not assigned to an exact location on the device
    Info (169086): Pin B[6] not assigned to an exact location on the device
    Info (169086): Pin C[6] not assigned to an exact location on the device
    Info (169086): Pin A[7] not assigned to an exact location on the device
    Info (169086): Pin B[7] not assigned to an exact location on the device
    Info (169086): Pin C[7] not assigned to an exact location on the device
Info (332104): Reading SDC File: 'adders.sdc'
Warning (332153): Family doesn't support jitter analysis.
Info (332129): Detected timing requirements -- optimizing circuit to achieve only the specified requirements
Info (332111): Found 1 clocks
    Info (332111):   Period   Clock Name
    Info (332111): ======== ============
    Info (332111):   25.000       clk_in
Info (176353): Automatically promoted node clock (placed in PIN 17 (CLK0, LVDSCLK0p, Input))
    Info (176355): Automatically promoted destinations to use location or clock signal Global Clock CLKCTRL_G2
Info (176233): Starting register packing
Info (176235): Finished register packing
    Extra Info (176219): No registers were packed into other blocks
Info (176214): Statistics of I/O pins that need to be placed that use the same VCCIO and VREF, before I/O pin placement
    Info (176211): Number of I/O pins in group: 34 (unused VREF, 3.3V VCCIO, 24 input, 10 output, 0 bidirectional)
        Info (176212): I/O standards used: 3.3-V LVTTL.
Info (176215): I/O bank details before I/O pin placement
    Info (176214): Statistics of I/O banks
        Info (176213): I/O bank number 1 does not use VREF pins and has undetermined VCCIO pins. 3 total pin(s) used --  16 pins available
        Info (176213): I/O bank number 2 does not use VREF pins and has undetermined VCCIO pins. 0 total pin(s) used --  23 pins available
        Info (176213): I/O bank number 3 does not use VREF pins and has undetermined VCCIO pins. 1 total pin(s) used --  22 pins available
        Info (176213): I/O bank number 4 does not use VREF pins and has undetermined VCCIO pins. 0 total pin(s) used --  24 pins available
Info (171121): Fitter preparation operations ending: elapsed time is 00:00:00
Info (170189): Fitter placement preparation operations beginning
Info (170190): Fitter placement preparation operations ending: elapsed time is 00:00:00
Info (170191): Fitter placement operations beginning
Info (170137): Fitter placement was successful
Info (170192): Fitter placement operations ending: elapsed time is 00:00:00
Info (170193): Fitter routing operations beginning
Info (170195): Router estimated average interconnect usage is 0% of the available device resources
    Info (170196): Router estimated peak interconnect usage is 0% of the available device resources in the region that extends from location X0_Y0 to location X13_Y14
Info (170194): Fitter routing operations ending: elapsed time is 00:00:00
Info (170199): The Fitter performed an Auto Fit compilation.  Optimizations were skipped to reduce compilation time.
    Info (170201): Optimizations that may affect the design's routability were skipped
    Info (170200): Optimizations that may affect the design's timing were skipped
Info (11888): Total time spent on timing analysis during the Fitter is 0.16 seconds.
Info (306004): Started post-fitting delay annotation
Warning (306006): Found 10 output pins without output pin load capacitance assignment
    Info (306007): Pin "sum[0]" has no specified output pin load capacitance -- assuming default load capacitance of 0 pF for timing analysis
    Info (306007): Pin "sum[1]" has no specified output pin load capacitance -- assuming default load capacitance of 0 pF for timing analysis
    Info (306007): Pin "sum[2]" has no specified output pin load capacitance -- assuming default load capacitance of 0 pF for timing analysis
    Info (306007): Pin "sum[3]" has no specified output pin load capacitance -- assuming default load capacitance of 0 pF for timing analysis
    Info (306007): Pin "sum[4]" has no specified output pin load capacitance -- assuming default load capacitance of 0 pF for timing analysis
    Info (306007): Pin "sum[5]" has no specified output pin load capacitance -- assuming default load capacitance of 0 pF for timing analysis
    Info (306007): Pin "sum[6]" has no specified output pin load capacitance -- assuming default load capacitance of 0 pF for timing analysis
    Info (306007): Pin "sum[7]" has no specified output pin load capacitance -- assuming default load capacitance of 0 pF for timing analysis
    Info (306007): Pin "sum[8]" has no specified output pin load capacitance -- assuming default load capacitance of 0 pF for timing analysis
    Info (306007): Pin "sum[9]" has no specified output pin load capacitance -- assuming default load capacitance of 0 pF for timing analysis
Info (306005): Delay annotation completed successfully
Info (306004): Started post-fitting delay annotation
Info (306005): Delay annotation completed successfully
Info (11218): Fitter post-fit operations ending: elapsed time is 00:00:00
Warning (169174): The Reserve All Unused Pins setting has not been specified, and will default to 'As output driving ground'.
Info (144001): Generated suppressed messages file D:/fpga/adders_time_constrains/synthesis/experiments/clk_40MHz/output_files/adders.fit.smsg
Info: Quartus II 64-Bit Fitter was successful. 0 errors, 5 warnings
    Info: Peak virtual memory: 5291 megabytes
    Info: Processing ended: Tue Sep 29 13:14:23 2026
    Info: Elapsed time: 00:00:03
    Info: Total CPU time (on all processors): 00:00:03
Info: *******************************************************************
Info: Running Quartus II 64-Bit Assembler
    Info: Version 13.0.1 Build 232 06/12/2013 Service Pack 1 SJ Web Edition
    Info: Processing started: Tue Sep 29 13:14:24 2026
Info: Command: quartus_asm --read_settings_files=off --write_settings_files=off adders -c adders
Info (115031): Writing out detailed assembly data for power analysis
Info (115030): Assembler is generating device programming files
Info: Quartus II 64-Bit Assembler was successful. 0 errors, 0 warnings
    Info: Peak virtual memory: 4558 megabytes
    Info: Processing ended: Tue Sep 29 13:14:25 2026
    Info: Elapsed time: 00:00:01
    Info: Total CPU time (on all processors): 00:00:01
Info (293026): Skipped module PowerPlay Power Analyzer due to the assignment FLOW_ENABLE_POWER_ANALYZER
Info: *******************************************************************
Info: Running Quartus II 64-Bit TimeQuest Timing Analyzer
    Info: Version 13.0.1 Build 232 06/12/2013 Service Pack 1 SJ Web Edition
    Info: Processing started: Tue Sep 29 13:14:26 2026
Info: Command: quartus_sta adders -c adders
Info: qsta_default_script.tcl version: #1
Info (20030): Parallel compilation is enabled and will use 6 of the 6 processors detected
Info (21077): Low junction temperature is 0 degrees C
Info (21077): High junction temperature is 85 degrees C
Info (332104): Reading SDC File: 'adders.sdc'
Warning (332153): Family doesn't support jitter analysis.
Info: Found TIMEQUEST_REPORT_SCRIPT_INCLUDE_DEFAULT_ANALYSIS = ON
Info: Analyzing Slow Model
Info (332146): Worst-case setup slack is 19.102
    Info (332119):     Slack End Point TNS Clock 
    Info (332119): ========= ============= =====================
    Info (332119):    19.102         0.000 clk_in 
Info (332146): Worst-case hold slack is 1.150
    Info (332119):     Slack End Point TNS Clock 
    Info (332119): ========= ============= =====================
    Info (332119):     1.150         0.000 clk_in 
Info (332140): No Recovery paths to report
Info (332140): No Removal paths to report
Info (332146): Worst-case minimum pulse width slack is 11.258
    Info (332119):     Slack End Point TNS Clock 
    Info (332119): ========= ============= =====================
    Info (332119):    11.258         0.000 clk_in 
Info (332001): The selected device family is not supported by the report_metastability command.
Info: Analyzing Fast Model
Info (332146): Worst-case setup slack is 23.109
    Info (332119):     Slack End Point TNS Clock 
    Info (332119): ========= ============= =====================
    Info (332119):    23.109         0.000 clk_in 
Info (332146): Worst-case hold slack is 0.355
    Info (332119):     Slack End Point TNS Clock 
    Info (332119): ========= ============= =====================
    Info (332119):     0.355         0.000 clk_in 
Info (332140): No Recovery paths to report
Info (332140): No Removal paths to report
Info (332146): Worst-case minimum pulse width slack is 11.500
    Info (332119):     Slack End Point TNS Clock 
    Info (332119): ========= ============= =====================
    Info (332119):    11.500         0.000 clk_in 
Info (332001): The selected device family is not supported by the report_metastability command.
Info (332102): Design is not fully constrained for setup requirements
Info (332102): Design is not fully constrained for hold requirements
Info: Quartus II 64-Bit TimeQuest Timing Analyzer was successful. 0 errors, 1 warning
    Info: Peak virtual memory: 4583 megabytes
    Info: Processing ended: Tue Sep 29 13:14:27 2026
    Info: Elapsed time: 00:00:01
    Info: Total CPU time (on all processors): 00:00:01
Info (293000): Quartus II Full Compilation was successful. 0 errors, 6 warnings
Info (23030): Evaluation of Tcl script d:/program/altera/13.0sp1/quartus/common/tcl/internal/qsh_flow.tcl was successful
Info: Quartus II 64-Bit Shell was successful. 0 errors, 6 warnings
    Info: Peak virtual memory: 4347 megabytes
    Info: Processing ended: Tue Sep 29 13:14:28 2026
    Info: Elapsed time: 00:00:13
    Info: Total CPU time (on all processors): 00:00:01
